HotnewsFeed - 2026-08-27 15:47:31,399 - WARNING - [collect] 热榜 baidu 抓取失败，跳过: <urlopen error [SSL: UNEXPECTED_EOF_WHILE_READING] EOF occurred in violation of protocol (_ssl.c:1010)>
HotnewsFeed - 2026-08-27 15:47:31,841 - INFO - [collect] RSS 源 https://feeds.bbci.co.uk/news/world/rss.xml 抓到 26 条
HotnewsFeed - 2026-08-27 15:47:32,981 - WARNING - [collect] 热榜 weibo 抓取失败，跳过: <urlopen error [SSL: UNEXPECTED_EOF_WHILE_READING] EOF occurred in violation of protocol (_ssl.c:1010)>
HotnewsFeed - 2026-08-27 15:47:33,411 - INFO - [collect] RSS 源 https://www.theguardian.com/world/rss 抓到 45 条
HotnewsFeed - 2026-08-27 15:47:33,413 - WARNING - [collect] 关键词 ['俄乌'] 无命中，重试一次采集
HotnewsFeed - 2026-08-27 15:47:33,973 - WARNING - [collect] 热榜 baidu 抓取失败，跳过: <urlopen error [SSL: UNEXPECTED_EOF_WHILE_READING] EOF occurred in violation of protocol (_ssl.c:1010)>
HotnewsFeed - 2026-08-27 15:47:33,993 - WARNING - [collect] 热榜 weibo 抓取失败，跳过: <urlopen error [SSL: UNEXPECTED_EOF_WHILE_READING] EOF occurred in violation of protocol (_ssl.c:1010)>
HotnewsFeed - 2026-08-27 15:47:34,264 - INFO - [collect] RSS 源 https://feeds.bbci.co.uk/news/world/rss.xml 抓到 26 条
HotnewsFeed - 2026-08-27 15:47:37,653 - INFO - [collect] RSS 源 https://www.theguardian.com/world/rss 抓到 45 条
HotnewsFeed - 2026-08-27 15:47:38,520 - INFO - [collect] RSS 源 https://feeds.bbci.co.uk/news/world/rss.xml 抓到 26 条
HotnewsFeed - 2026-08-27 15:47:39,772 - INFO - [collect] RSS 源 https://www.theguardian.com/world/rss 抓到 45 条
HotnewsFeed - 2026-08-27 15:47:39,774 - WARNING - [collect] 关键词 ['俄乌'] 仍无命中，放宽为模块 RSS 源全量（71 条）
HotnewsFeed - 2026-08-27 15:47:39,774 - INFO - [collect] 采集完成: 源=['rss', 'hn', 'weibo_hot', 'baidu_hot'] 原始71 条 → 去重后 5 条
HotnewsFeed - 2026-08-27 15:52:36,803 - WARNING - [collect] 热榜 weibo 抓取失败，跳过: <urlopen error [SSL: UNEXPECTED_EOF_WHILE_READING] EOF occurred in violation of protocol (_ssl.c:1010)>
HotnewsFeed - 2026-08-27 15:52:36,830 - WARNING - [collect] 热榜 baidu 抓取失败，跳过: <urlopen error [SSL: UNEXPECTED_EOF_WHILE_READING] EOF occurred in violation of protocol (_ssl.c:1010)>
HotnewsFeed - 2026-08-27 15:52:42,079 - INFO - [collect] RSS 源 https://www.ithome.com/rss/ 抓到 60 条
HotnewsFeed - 2026-08-27 15:52:46,062 - INFO - [collect] RSS 源 https://www.36kr.com/feed 抓到 30 条
HotnewsFeed - 2026-08-27 15:52:48,693 - INFO - [collect] RSS 源 https://www.solidot.org/index.rss 抓到 20 条
HotnewsFeed - 2026-08-27 15:52:48,693 - INFO - [collect] 采集完成: 源=['rss', 'hn', 'weibo_hot', 'baidu_hot'] 原始140 条 → 去重后 30 条
HotnewsFeed - 2026-08-27 15:52:54,874 - WARNING - [collect] 热榜 baidu 抓取失败，跳过: <urlopen error [SSL: UNEXPECTED_EOF_WHILE_READING] EOF occurred in violation of protocol (_ssl.c:1010)>
HotnewsFeed - 2026-08-27 15:52:54,875 - WARNING - [collect] 热榜 weibo 抓取失败，跳过: <urlopen error [SSL: UNEXPECTED_EOF_WHILE_READING] EOF occurred in violation of protocol (_ssl.c:1010)>
HotnewsFeed - 2026-08-27 15:52:55,933 - INFO - [collect] RSS 源 https://www.chinanews.com.cn/rss/scroll-news.xml 抓到 30 条
HotnewsFeed - 2026-08-27 15:52:56,796 - INFO - [collect] 采集完成: 源=['rss', 'hn', 'weibo_hot', 'baidu_hot'] 原始33 条 → 去重后 3 条
HotnewsFeed - 2026-08-27 15:52:56,859 - WARNING - [collect] 账户 @新京报@weibo 未配置抓取地址，降级为【模拟】样例数据
HotnewsFeed - 2026-08-27 16:04:42,767 - WARNING - [collect] 热榜 weibo 抓取失败，跳过: <urlopen error [SSL: UNEXPECTED_EOF_WHILE_READING] EOF occurred in violation of protocol (_ssl.c:1010)>
HotnewsFeed - 2026-08-27 16:04:42,786 - WARNING - [collect] 热榜 baidu 抓取失败，跳过: <urlopen error [SSL: UNEXPECTED_EOF_WHILE_READING] EOF occurred in violation of protocol (_ssl.c:1010)>
HotnewsFeed - 2026-08-27 16:04:43,975 - INFO - [collect] RSS 源 https://www.chinanews.com.cn/rss/scroll-news.xml 抓到 30 条
HotnewsFeed - 2026-08-27 16:04:44,851 - INFO - [collect] 采集完成: 源=['rss', 'hn', 'weibo_hot', 'baidu_hot'] 原始32 条 → 去重后 2 条
HotnewsFeed - 2026-08-27 16:06:40,925 - WARNING - [collect] 热榜 baidu 抓取失败，跳过: <urlopen error [SSL: UNEXPECTED_EOF_WHILE_READING] EOF occurred in violation of protocol (_ssl.c:1010)>
HotnewsFeed - 2026-08-27 16:06:41,116 - WARNING - [collect] 热榜 weibo 抓取失败，跳过: <urlopen error [SSL: UNEXPECTED_EOF_WHILE_READING] EOF occurred in violation of protocol (_ssl.c:1010)>
HotnewsFeed - 2026-08-27 16:06:46,380 - INFO - [collect] RSS 源 https://www.ithome.com/rss/ 抓到 60 条
HotnewsFeed - 2026-08-27 16:06:50,332 - INFO - [collect] RSS 源 https://www.36kr.com/feed 抓到 30 条
HotnewsFeed - 2026-08-27 16:06:53,045 - INFO - [collect] RSS 源 https://www.solidot.org/index.rss 抓到 20 条
HotnewsFeed - 2026-08-27 16:06:53,045 - INFO - [collect] 采集完成: 源=['rss', 'hn', 'weibo_hot', 'baidu_hot'] 原始140 条 → 去重后 30 条
HotnewsFeed - 2026-08-27 16:07:02,006 - WARNING - [collect] 热榜 baidu 抓取失败，跳过: <urlopen error [SSL: UNEXPECTED_EOF_WHILE_READING] EOF occurred in violation of protocol (_ssl.c:1010)>
HotnewsFeed - 2026-08-27 16:07:02,013 - WARNING - [collect] 热榜 weibo 抓取失败，跳过: <urlopen error [SSL: UNEXPECTED_EOF_WHILE_READING] EOF occurred in violation of protocol (_ssl.c:1010)>
HotnewsFeed - 2026-08-27 16:07:02,649 - INFO - [collect] RSS 源 https://www.chinanews.com.cn/rss/scroll-news.xml 抓到 30 条
HotnewsFeed - 2026-08-27 16:07:06,617 - INFO - [collect] 采集完成: 源=['rss', 'hn', 'weibo_hot', 'baidu_hot'] 原始60 条 → 去重后 30 条
HotnewsFeed - 2026-08-27 16:07:30,858 - WARNING - [collect] 热榜 weibo 抓取失败，跳过: <urlopen error [SSL: UNEXPECTED_EOF_WHILE_READING] EOF occurred in violation of protocol (_ssl.c:1010)>
HotnewsFeed - 2026-08-27 16:07:30,858 - WARNING - [collect] 热榜 baidu 抓取失败，跳过: <urlopen error [SSL: UNEXPECTED_EOF_WHILE_READING] EOF occurred in violation of protocol (_ssl.c:1010)>
HotnewsFeed - 2026-08-27 16:07:36,112 - INFO - [collect] RSS 源 https://www.ithome.com/rss/ 抓到 60 条
HotnewsFeed - 2026-08-27 16:07:40,671 - INFO - [collect] RSS 源 https://www.36kr.com/feed 抓到 30 条
HotnewsFeed - 2026-08-27 16:07:45,954 - INFO - [collect] RSS 源 https://www.solidot.org/index.rss 抓到 20 条
HotnewsFeed - 2026-08-27 16:07:45,954 - INFO - [collect] 采集完成: 源=['rss', 'hn', 'weibo_hot', 'baidu_hot'] 原始140 条 → 去重后 30 条
HotnewsFeed - 2026-08-27 16:07:51,036 - WARNING - [collect] 热榜 baidu 抓取失败，跳过: <urlopen error [SSL: UNEXPECTED_EOF_WHILE_READING] EOF occurred in violation of protocol (_ssl.c:1010)>
HotnewsFeed - 2026-08-27 16:07:51,041 - WARNING - [collect] 热榜 weibo 抓取失败，跳过: <urlopen error [SSL: UNEXPECTED_EOF_WHILE_READING] EOF occurred in violation of protocol (_ssl.c:1010)>
HotnewsFeed - 2026-08-27 16:07:51,726 - INFO - [collect] RSS 源 https://www.chinanews.com.cn/rss/scroll-news.xml 抓到 30 条
HotnewsFeed - 2026-08-27 16:07:53,267 - INFO - [collect] 采集完成: 源=['rss', 'hn', 'weibo_hot', 'baidu_hot'] 原始33 条 → 去重后 3 条
HotnewsFeed - 2026-08-27 16:07:53,400 - WARNING - [collect] 账户 @新京报@weibo 未配置抓取地址，降级为【模拟】样例数据
HotnewsFeed - 2026-08-27 16:08:21,829 - WARNING - [collect] 热榜 baidu 抓取失败，跳过: <urlopen error [SSL: UNEXPECTED_EOF_WHILE_READING] EOF occurred in violation of protocol (_ssl.c:1010)>
HotnewsFeed - 2026-08-27 16:08:21,836 - WARNING - [collect] 热榜 weibo 抓取失败，跳过: <urlopen error [SSL: UNEXPECTED_EOF_WHILE_READING] EOF occurred in violation of protocol (_ssl.c:1010)>
HotnewsFeed - 2026-08-27 16:08:25,677 - INFO - [collect] RSS 源 https://www.ithome.com/rss/ 抓到 60 条
HotnewsFeed - 2026-08-27 16:08:28,659 - WARNING - [collect] 采集阶段异常，降级为空列表: <urlopen error [SSL: UNEXPECTED_EOF_WHILE_READING] EOF occurred in violation of protocol (_ssl.c:1010)>
HotnewsFeed - 2026-08-27 16:08:28,660 - WARNING - [collect] 所有源均无数据，降级返回【模拟】样例数据
HotnewsFeed - 2026-08-27 16:08:28,660 - INFO - [collect] 采集完成: 源=['rss', 'hn', 'weibo_hot', 'baidu_hot'] 原始0 条 → 去重后 3 条
HotnewsFeed - 2026-08-27 16:08:31,237 - INFO - [collect] RSS 源 https://www.36kr.com/feed 抓到 30 条
HotnewsFeed - 2026-08-27 16:08:35,264 - INFO - [collect] RSS 源 https://www.solidot.org/index.rss 抓到 20 条
HotnewsFeed - 2026-08-27 16:08:50,348 - WARNING - [collect] 热榜 baidu 抓取失败，跳过: <urlopen error [SSL: UNEXPECTED_EOF_WHILE_READING] EOF occurred in violation of protocol (_ssl.c:1010)>
HotnewsFeed - 2026-08-27 16:08:50,359 - WARNING - [collect] 热榜 weibo 抓取失败，跳过: <urlopen error [SSL: UNEXPECTED_EOF_WHILE_READING] EOF occurred in violation of protocol (_ssl.c:1010)>
HotnewsFeed - 2026-08-27 16:08:57,568 - INFO - [collect] RSS 源 https://www.ithome.com/rss/ 抓到 60 条
HotnewsFeed - 2026-08-27 16:09:03,051 - INFO - [collect] RSS 源 https://www.36kr.com/feed 抓到 30 条
HotnewsFeed - 2026-08-27 16:09:06,574 - INFO - [collect] RSS 源 https://www.solidot.org/index.rss 抓到 20 条
HotnewsFeed - 2026-08-27 16:09:06,575 - INFO - [collect] 采集完成: 源=['rss', 'hn', 'weibo_hot', 'baidu_hot'] 原始140 条 → 去重后 30 条
HotnewsFeed - 2026-08-27 16:09:32,684 - WARNING - [collect] 热榜 weibo 抓取失败，跳过: <urlopen error [SSL: UNEXPECTED_EOF_WHILE_READING] EOF occurred in violation of protocol (_ssl.c:1010)>
HotnewsFeed - 2026-08-27 16:09:32,924 - WARNING - [collect] 热榜 baidu 抓取失败，跳过: <urlopen error [SSL: UNEXPECTED_EOF_WHILE_READING] EOF occurred in violation of protocol (_ssl.c:1010)>
HotnewsFeed - 2026-08-27 16:09:37,053 - WARNING - [collect] HN 榜单抓取失败，跳过: <urlopen error [SSL: UNEXPECTED_EOF_WHILE_READING] EOF occurred in violation of protocol (_ssl.c:1010)>
HotnewsFeed - 2026-08-27 16:09:38,624 - INFO - [collect] RSS 源 https://www.ithome.com/rss/ 抓到 60 条
HotnewsFeed - 2026-08-27 16:09:44,468 - INFO - [collect] RSS 源 https://www.36kr.com/feed 抓到 30 条
HotnewsFeed - 2026-08-27 16:09:48,051 - INFO - [collect] RSS 源 https://www.solidot.org/index.rss 抓到 20 条
HotnewsFeed - 2026-08-27 16:09:48,051 - INFO - [collect] 采集完成: 源=['rss', 'hn', 'weibo_hot', 'baidu_hot'] 原始110 条 → 去重后 30 条
HotnewsFeed - 2026-08-27 16:09:55,884 - WARNING - [collect] 热榜 baidu 抓取失败，跳过: <urlopen error [SSL: UNEXPECTED_EOF_WHILE_READING] EOF occurred in violation of protocol (_ssl.c:1010)>
HotnewsFeed - 2026-08-27 16:09:56,139 - WARNING - [collect] 热榜 weibo 抓取失败，跳过: <urlopen error [SSL: UNEXPECTED_EOF_WHILE_READING] EOF occurred in violation of protocol (_ssl.c:1010)>
HotnewsFeed - 2026-08-27 16:09:57,392 - INFO - [collect] RSS 源 https://www.chinanews.com.cn/rss/scroll-news.xml 抓到 30 条
HotnewsFeed - 2026-08-27 16:10:03,744 - WARNING - [collect] 采集阶段异常，降级为空列表: <urlopen error [SSL: UNEXPECTED_EOF_WHILE_READING] EOF occurred in violation of protocol (_ssl.c:1010)>
HotnewsFeed - 2026-08-27 16:10:03,744 - WARNING - [collect] 所有源均无数据，降级返回【模拟】样例数据
HotnewsFeed - 2026-08-27 16:10:03,744 - INFO - [collect] 采集完成: 源=['rss', 'hn', 'weibo_hot', 'baidu_hot'] 原始0 条 → 去重后 3 条
HotnewsFeed - 2026-08-27 16:12:08,565 - WARNING - [collect] 热榜 baidu 抓取失败，跳过: <urlopen error [SSL: UNEXPECTED_EOF_WHILE_READING] EOF occurred in violation of protocol (_ssl.c:1010)>
HotnewsFeed - 2026-08-27 16:12:08,581 - WARNING - [collect] 热榜 weibo 抓取失败，跳过: <urlopen error [SSL: UNEXPECTED_EOF_WHILE_READING] EOF occurred in violation of protocol (_ssl.c:1010)>
HotnewsFeed - 2026-08-27 16:12:13,302 - INFO - [collect] RSS 源 https://www.ithome.com/rss/ 抓到 60 条
HotnewsFeed - 2026-08-27 16:12:17,486 - INFO - [collect] RSS 源 https://www.36kr.com/feed 抓到 30 条
HotnewsFeed - 2026-08-27 16:12:20,192 - INFO - [collect] RSS 源 https://www.solidot.org/index.rss 抓到 20 条
HotnewsFeed - 2026-08-27 16:12:20,193 - INFO - [collect] 采集完成: 源=['rss', 'hn', 'weibo_hot', 'baidu_hot'] 原始113 条 → 去重后 3 条
HotnewsFeed - 2026-08-27 16:12:20,250 - WARNING - [collect] 账户 @新京报@weibo 未配置抓取地址，降级为【模拟】样例数据
HotnewsFeed - 2026-08-27 16:12:20,869 - WARNING - [collect] 热榜 baidu 抓取失败，跳过: <urlopen error [SSL: UNEXPECTED_EOF_WHILE_READING] EOF occurred in violation of protocol (_ssl.c:1010)>
HotnewsFeed - 2026-08-27 16:12:20,901 - WARNING - [collect] 热榜 weibo 抓取失败，跳过: <urlopen error [SSL: UNEXPECTED_EOF_WHILE_READING] EOF occurred in violation of protocol (_ssl.c:1010)>
HotnewsFeed - 2026-08-27 16:12:21,540 - INFO - [collect] RSS 源 https://www.chinanews.com.cn/rss/scroll-news.xml 抓到 30 条
HotnewsFeed - 2026-08-27 16:12:23,064 - INFO - [collect] 采集完成: 源=['rss', 'hn', 'weibo_hot', 'baidu_hot'] 原始32 条 → 去重后 2 条
HotnewsFeed - 2026-08-27 16:23:52,226 - WARNING - [collect] 热榜 weibo 抓取失败，跳过: <urlopen error [SSL: UNEXPECTED_EOF_WHILE_READING] EOF occurred in violation of protocol (_ssl.c:1010)>
HotnewsFeed - 2026-08-27 16:23:52,231 - WARNING - [collect] 热榜 baidu 抓取失败，跳过: <urlopen error [SSL: UNEXPECTED_EOF_WHILE_READING] EOF occurred in violation of protocol (_ssl.c:1010)>
HotnewsFeed - 2026-08-27 16:23:56,643 - WARNING - [collect] RSS 源 https://feeds.bbci.co.uk/news/world/rss.xml 抓取失败，跳过: <urlopen error [SSL: UNEXPECTED_EOF_WHILE_READING] EOF occurred in violation of protocol (_ssl.c:1010)>
HotnewsFeed - 2026-08-27 16:23:57,776 - INFO - [collect] RSS 源 https://www.theguardian.com/world/rss 抓到 45 条
HotnewsFeed - 2026-08-27 16:23:57,778 - WARNING - [collect] 关键词 ['俄乌'] 无命中，重试一次采集
HotnewsFeed - 2026-08-27 16:23:58,340 - WARNING - [collect] 热榜 baidu 抓取失败，跳过: <urlopen error [SSL: UNEXPECTED_EOF_WHILE_READING] EOF occurred in violation of protocol (_ssl.c:1010)>
HotnewsFeed - 2026-08-27 16:23:58,356 - WARNING - [collect] 热榜 weibo 抓取失败，跳过: <urlopen error [SSL: UNEXPECTED_EOF_WHILE_READING] EOF occurred in violation of protocol (_ssl.c:1010)>
HotnewsFeed - 2026-08-27 16:23:58,687 - INFO - [collect] RSS 源 https://feeds.bbci.co.uk/news/world/rss.xml 抓到 26 条
HotnewsFeed - 2026-08-27 16:23:59,774 - INFO - [collect] RSS 源 https://www.theguardian.com/world/rss 抓到 45 条
HotnewsFeed - 2026-08-27 16:24:02,929 - INFO - [collect] RSS 源 https://feeds.bbci.co.uk/news/world/rss.xml 抓到 26 条
HotnewsFeed - 2026-08-27 16:24:04,799 - INFO - [collect] RSS 源 https://www.theguardian.com/world/rss 抓到 45 条
HotnewsFeed - 2026-08-27 16:24:04,799 - WARNING - [collect] 关键词 ['俄乌'] 仍无命中，放宽为模块 RSS 源全量（71 条）
HotnewsFeed - 2026-08-27 16:24:04,800 - INFO - [collect] 采集完成: 源=['rss', 'hn', 'weibo_hot', 'baidu_hot'] 原始71 条 → 去重后 5 条
HotnewsFeed - 2026-08-27 16:25:08,372 - WARNING - [collect] 热榜 baidu 抓取失败，跳过: <urlopen error [SSL: UNEXPECTED_EOF_WHILE_READING] EOF occurred in violation of protocol (_ssl.c:1010)>
HotnewsFeed - 2026-08-27 16:25:08,377 - WARNING - [collect] 热榜 weibo 抓取失败，跳过: <urlopen error [SSL: UNEXPECTED_EOF_WHILE_READING] EOF occurred in violation of protocol (_ssl.c:1010)>
HotnewsFeed - 2026-08-27 16:25:09,710 - INFO - [collect] RSS 源 https://www.chinanews.com.cn/rss/scroll-news.xml 抓到 30 条
HotnewsFeed - 2026-08-27 16:25:12,116 - INFO - [collect] RSS 源 https://www.theguardian.com/sport/rss 抓到 48 条
HotnewsFeed - 2026-08-27 16:25:12,118 - WARNING - [collect] 关键词 ['足球'] 无命中，重试一次采集
HotnewsFeed - 2026-08-27 16:25:12,707 - WARNING - [collect] 热榜 weibo 抓取失败，跳过: <urlopen error [SSL: UNEXPECTED_EOF_WHILE_READING] EOF occurred in violation of protocol (_ssl.c:1010)>
HotnewsFeed - 2026-08-27 16:25:12,717 - WARNING - [collect] 热榜 baidu 抓取失败，跳过: <urlopen error [SSL: UNEXPECTED_EOF_WHILE_READING] EOF occurred in violation of protocol (_ssl.c:1010)>
HotnewsFeed - 2026-08-27 16:25:13,365 - INFO - [collect] RSS 源 https://www.chinanews.com.cn/rss/scroll-news.xml 抓到 30 条
HotnewsFeed - 2026-08-27 16:25:16,034 - INFO - [collect] RSS 源 https://www.theguardian.com/sport/rss 抓到 48 条
HotnewsFeed - 2026-08-27 16:25:17,362 - INFO - [collect] RSS 源 https://www.chinanews.com.cn/rss/scroll-news.xml 抓到 30 条
HotnewsFeed - 2026-08-27 16:25:19,399 - INFO - [collect] RSS 源 https://www.theguardian.com/sport/rss 抓到 48 条
HotnewsFeed - 2026-08-27 16:25:19,400 - WARNING - [collect] 关键词 ['足球'] 仍无命中，放宽为模块 RSS 源全量（78 条）
HotnewsFeed - 2026-08-27 16:25:19,400 - INFO - [collect] 采集完成: 源=['rss', 'hn', 'weibo_hot', 'baidu_hot'] 原始78 条 → 去重后 5 条
HotnewsFeed - 2026-08-27 16:27:30,462 - WARNING - [collect] 热榜 weibo 抓取失败，跳过: <urlopen error [SSL: UNEXPECTED_EOF_WHILE_READING] EOF occurred in violation of protocol (_ssl.c:1010)>
HotnewsFeed - 2026-08-27 16:27:30,470 - WARNING - [collect] 热榜 baidu 抓取失败，跳过: <urlopen error [SSL: UNEXPECTED_EOF_WHILE_READING] EOF occurred in violation of protocol (_ssl.c:1010)>
HotnewsFeed - 2026-08-27 16:27:31,269 - INFO - [collect] RSS 源 https://www.chinanews.com.cn/rss/scroll-news.xml 抓到 30 条
HotnewsFeed - 2026-08-27 16:27:36,418 - INFO - [collect] RSS 源 https://www.theguardian.com/sport/rss 抓到 48 条
HotnewsFeed - 2026-08-27 16:27:36,421 - INFO - [collect] 采集完成: 源=['rss', 'hn', 'weibo_hot', 'baidu_hot'] 原始108 条 → 去重后 30 条
HotnewsFeed - 2026-08-27 16:32:26,878 - WARNING - [collect] 热榜 weibo 抓取失败，跳过: <urlopen error [SSL: UNEXPECTED_EOF_WHILE_READING] EOF occurred in violation of protocol (_ssl.c:1010)>
HotnewsFeed - 2026-08-27 16:32:26,893 - WARNING - [collect] 热榜 baidu 抓取失败，跳过: <urlopen error [SSL: UNEXPECTED_EOF_WHILE_READING] EOF occurred in violation of protocol (_ssl.c:1010)>
HotnewsFeed - 2026-08-27 16:32:31,657 - INFO - [collect] RSS 源 https://www.ithome.com/rss/ 抓到 60 条
HotnewsFeed - 2026-08-27 16:32:36,718 - INFO - [collect] RSS 源 https://www.36kr.com/feed 抓到 30 条
HotnewsFeed - 2026-08-27 16:32:39,998 - INFO - [collect] RSS 源 https://www.solidot.org/index.rss 抓到 20 条
HotnewsFeed - 2026-08-27 16:32:39,999 - INFO - [collect] 采集完成: 源=['rss', 'hn', 'weibo_hot', 'baidu_hot'] 原始115 条 → 去重后 5 条
HotnewsFeed - 2026-08-27 16:33:03,769 - WARNING - [collect] 热榜 weibo 抓取失败，跳过: <urlopen error [SSL: UNEXPECTED_EOF_WHILE_READING] EOF occurred in violation of protocol (_ssl.c:1010)>
HotnewsFeed - 2026-08-27 16:33:04,237 - INFO - [collect] RSS 源 https://www.chinanews.com.cn/rss/scroll-news.xml 抓到 30 条
HotnewsFeed - 2026-08-27 16:33:08,120 - WARNING - [collect] 热榜 baidu 抓取失败，跳过: <urlopen error [SSL: UNEXPECTED_EOF_WHILE_READING] EOF occurred in violation of protocol (_ssl.c:1010)>
HotnewsFeed - 2026-08-27 16:33:08,121 - INFO - [collect] 采集完成: 源=['rss', 'hn', 'weibo_hot', 'baidu_hot'] 原始35 条 → 去重后 5 条
HotnewsFeed - 2026-08-27 16:42:37,081 - WARNING - [collect] 热榜 weibo 抓取失败，跳过: <urlopen error [SSL: UNEXPECTED_EOF_WHILE_READING] EOF occurred in violation of protocol (_ssl.c:1010)>
HotnewsFeed - 2026-08-27 16:42:38,600 - WARNING - [collect] 热榜 baidu 抓取失败，跳过: <urlopen error [SSL: UNEXPECTED_EOF_WHILE_READING] EOF occurred in violation of protocol (_ssl.c:1010)>
HotnewsFeed - 2026-08-27 16:42:42,548 - INFO - [collect] RSS 源 https://www.chinanews.com.cn/rss/scroll-news.xml 抓到 30 条
HotnewsFeed - 2026-08-27 16:42:44,851 - WARNING - [collect] 采集阶段异常，降级为空列表: <urlopen error [SSL: UNEXPECTED_EOF_WHILE_READING] EOF occurred in violation of protocol (_ssl.c:1010)>
HotnewsFeed - 2026-08-27 16:42:44,853 - WARNING - [collect] 关键词 ['足球'] 无命中，重试一次采集
HotnewsFeed - 2026-08-27 16:42:46,520 - WARNING - [collect] 热榜 weibo 抓取失败，跳过: <urlopen error [SSL: UNEXPECTED_EOF_WHILE_READING] EOF occurred in violation of protocol (_ssl.c:1010)>
HotnewsFeed - 2026-08-27 16:42:47,048 - WARNING - [collect] 热榜 baidu 抓取失败，跳过: <urlopen error [SSL: UNEXPECTED_EOF_WHILE_READING] EOF occurred in violation of protocol (_ssl.c:1010)>
HotnewsFeed - 2026-08-27 16:42:47,574 - WARNING - [collect] RSS 源 https://www.theguardian.com/sport/rss 抓取失败，跳过: <urlopen error [SSL: UNEXPECTED_EOF_WHILE_READING] EOF occurred in violation of protocol (_ssl.c:1010)>
HotnewsFeed - 2026-08-27 16:42:49,045 - INFO - [collect] RSS 源 https://www.chinanews.com.cn/rss/scroll-news.xml 抓到 30 条
HotnewsFeed - 2026-08-27 16:42:52,041 - INFO - [collect] RSS 源 https://www.theguardian.com/sport/rss 抓到 48 条
HotnewsFeed - 2026-08-27 16:42:53,848 - INFO - [collect] RSS 源 https://www.chinanews.com.cn/rss/scroll-news.xml 抓到 30 条
HotnewsFeed - 2026-08-27 16:42:56,835 - INFO - [collect] RSS 源 https://www.theguardian.com/sport/rss 抓到 48 条
HotnewsFeed - 2026-08-27 16:42:56,836 - WARNING - [collect] 关键词 ['足球'] 仍无命中，放宽为模块 RSS 源全量（78 条）
HotnewsFeed - 2026-08-27 16:42:56,836 - INFO - [collect] 采集完成: 源=['rss', 'hn', 'weibo_hot', 'baidu_hot'] 原始78 条 → 去重后 5 条
HotnewsFeed - 2026-08-27 16:49:31,455 - WARNING - [collect] 热榜 baidu 抓取失败，跳过: <urlopen error [SSL: UNEXPECTED_EOF_WHILE_READING] EOF occurred in violation of protocol (_ssl.c:1010)>
HotnewsFeed - 2026-08-27 16:49:31,751 - WARNING - [collect] 热榜 weibo 抓取失败，跳过: <urlopen error [SSL: UNEXPECTED_EOF_WHILE_READING] EOF occurred in violation of protocol (_ssl.c:1010)>
HotnewsFeed - 2026-08-27 16:49:37,065 - INFO - [collect] RSS 源 https://www.ithome.com/rss/ 抓到 60 条
HotnewsFeed - 2026-08-27 16:49:45,758 - INFO - [collect] RSS 源 https://www.36kr.com/feed 抓到 30 条
HotnewsFeed - 2026-08-27 16:49:50,172 - INFO - [collect] RSS 源 https://www.solidot.org/index.rss 抓到 20 条
HotnewsFeed - 2026-08-27 16:49:50,173 - INFO - [collect] 采集完成: 源=['rss', 'hn', 'weibo_hot', 'baidu_hot'] 原始6 条 → 去重后 5 条
HotnewsFeed - 2026-08-27 17:08:23,115 - WARNING - [collect] 热榜 baidu 抓取失败，跳过: <urlopen error [SSL: UNEXPECTED_EOF_WHILE_READING] EOF occurred in violation of protocol (_ssl.c:1010)>
HotnewsFeed - 2026-08-27 17:08:23,116 - WARNING - [collect] 热榜 weibo 抓取失败，跳过: <urlopen error [SSL: UNEXPECTED_EOF_WHILE_READING] EOF occurred in violation of protocol (_ssl.c:1010)>
HotnewsFeed - 2026-08-27 17:08:23,879 - INFO - [collect] RSS 源 https://www.chinanews.com.cn/rss/scroll-news.xml 抓到 30 条
HotnewsFeed - 2026-08-27 17:08:26,299 - INFO - [collect] RSS 源 https://www.theguardian.com/sport/rss 抓到 27 条
HotnewsFeed - 2026-08-27 17:08:26,301 - WARNING - [collect] 关键词 ['足球'] 无命中，重试一次采集
HotnewsFeed - 2026-08-27 17:08:26,766 - WARNING - [collect] 热榜 baidu 抓取失败，跳过: <urlopen error [SSL: UNEXPECTED_EOF_WHILE_READING] EOF occurred in violation of protocol (_ssl.c:1010)>
HotnewsFeed - 2026-08-27 17:08:27,334 - WARNING - [collect] 热榜 weibo 抓取失败，跳过: <urlopen error [SSL: UNEXPECTED_EOF_WHILE_READING] EOF occurred in violation of protocol (_ssl.c:1010)>
HotnewsFeed - 2026-08-27 17:08:27,915 - INFO - [collect] RSS 源 https://www.chinanews.com.cn/rss/scroll-news.xml 抓到 30 条
HotnewsFeed - 2026-08-27 17:08:29,656 - INFO - [collect] RSS 源 https://www.theguardian.com/sport/rss 抓到 27 条
HotnewsFeed - 2026-08-27 17:08:31,301 - INFO - [collect] RSS 源 https://www.chinanews.com.cn/rss/scroll-news.xml 抓到 30 条
HotnewsFeed - 2026-08-27 17:08:34,445 - INFO - [collect] RSS 源 https://www.theguardian.com/sport/rss 抓到 27 条
HotnewsFeed - 2026-08-27 17:08:34,447 - WARNING - [collect] 关键词 ['足球'] 仍无命中，放宽为模块 RSS 源全量（57 条）
HotnewsFeed - 2026-08-27 17:08:34,450 - INFO - [collect] 采集完成: 源=['rss', 'hn', 'weibo_hot', 'baidu_hot'] 原始57 条 → 去重后 5 条
HotnewsFeed - 2026-08-27 17:08:50,702 - WARNING - [collect] 热榜 weibo 抓取失败，跳过: <urlopen error [SSL: UNEXPECTED_EOF_WHILE_READING] EOF occurred in violation of protocol (_ssl.c:1010)>
HotnewsFeed - 2026-08-27 17:08:50,706 - WARNING - [collect] 热榜 baidu 抓取失败，跳过: <urlopen error [SSL: UNEXPECTED_EOF_WHILE_READING] EOF occurred in violation of protocol (_ssl.c:1010)>
HotnewsFeed - 2026-08-27 17:08:50,852 - INFO - [collect] RSS 源 https://www.chinanews.com.cn/rss/scroll-news.xml 抓到 30 条
HotnewsFeed - 2026-08-27 17:08:52,565 - INFO - [collect] RSS 源 https://www.theguardian.com/sport/rss 抓到 27 条
HotnewsFeed - 2026-08-27 17:08:52,565 - WARNING - [collect] 关键词 ['足球'] 无命中，重试一次采集
HotnewsFeed - 2026-08-27 17:08:53,478 - WARNING - [collect] 热榜 weibo 抓取失败，跳过: <urlopen error [SSL: UNEXPECTED_EOF_WHILE_READING] EOF occurred in violation of protocol (_ssl.c:1010)>
HotnewsFeed - 2026-08-27 17:08:53,749 - WARNING - [collect] 热榜 baidu 抓取失败，跳过: <urlopen error [SSL: UNEXPECTED_EOF_WHILE_READING] EOF occurred in violation of protocol (_ssl.c:1010)>
HotnewsFeed - 2026-08-27 17:08:54,155 - INFO - [collect] RSS 源 https://www.chinanews.com.cn/rss/scroll-news.xml 抓到 30 条
HotnewsFeed - 2026-08-27 17:08:56,552 - INFO - [collect] RSS 源 https://www.theguardian.com/sport/rss 抓到 27 条
HotnewsFeed - 2026-08-27 17:08:57,841 - INFO - [collect] RSS 源 https://www.chinanews.com.cn/rss/scroll-news.xml 抓到 30 条
HotnewsFeed - 2026-08-27 17:08:59,687 - INFO - [collect] RSS 源 https://www.theguardian.com/sport/rss 抓到 27 条
HotnewsFeed - 2026-08-27 17:08:59,688 - WARNING - [collect] 关键词 ['足球'] 仍无命中，放宽为模块 RSS 源全量（57 条）
HotnewsFeed - 2026-08-27 17:08:59,688 - INFO - [collect] 采集完成: 源=['rss', 'hn', 'weibo_hot', 'baidu_hot'] 原始57 条 → 去重后 5 条
HotnewsFeed - 2026-08-27 17:09:05,354 - WARNING - [collect] 热榜 weibo 抓取失败，跳过: <urlopen error [SSL: UNEXPECTED_EOF_WHILE_READING] EOF occurred in violation of protocol (_ssl.c:1010)>
HotnewsFeed - 2026-08-27 17:09:05,361 - WARNING - [collect] 热榜 baidu 抓取失败，跳过: <urlopen error [SSL: UNEXPECTED_EOF_WHILE_READING] EOF occurred in violation of protocol (_ssl.c:1010)>
HotnewsFeed - 2026-08-27 17:09:05,461 - INFO - [collect] RSS 源 https://feeds.bbci.co.uk/news/world/rss.xml 抓到 26 条
HotnewsFeed - 2026-08-27 17:09:07,473 - INFO - [collect] RSS 源 https://www.theguardian.com/world/rss 抓到 45 条
HotnewsFeed - 2026-08-27 17:09:09,988 - WARNING - [collect] 关键词 ['俄乌'] 无命中，重试一次采集
HotnewsFeed - 2026-08-27 17:09:10,464 - WARNING - [collect] 热榜 weibo 抓取失败，跳过: <urlopen error [SSL: UNEXPECTED_EOF_WHILE_READING] EOF occurred in violation of protocol (_ssl.c:1010)>
HotnewsFeed - 2026-08-27 17:09:10,469 - WARNING - [collect] 热榜 baidu 抓取失败，跳过: <urlopen error [SSL: UNEXPECTED_EOF_WHILE_READING] EOF occurred in violation of protocol (_ssl.c:1010)>
HotnewsFeed - 2026-08-27 17:09:11,155 - INFO - [collect] RSS 源 https://feeds.bbci.co.uk/news/world/rss.xml 抓到 26 条
HotnewsFeed - 2026-08-27 17:09:13,334 - INFO - [collect] RSS 源 https://www.theguardian.com/world/rss 抓到 45 条
HotnewsFeed - 2026-08-27 17:09:15,531 - INFO - [collect] RSS 源 https://feeds.bbci.co.uk/news/world/rss.xml 抓到 26 条
HotnewsFeed - 2026-08-27 17:09:16,623 - INFO - [collect] RSS 源 https://www.theguardian.com/world/rss 抓到 45 条
HotnewsFeed - 2026-08-27 17:09:16,624 - WARNING - [collect] 关键词 ['俄乌'] 仍无命中，放宽为模块 RSS 源全量（71 条）
HotnewsFeed - 2026-08-27 17:09:16,625 - INFO - [collect] 采集完成: 源=['rss', 'hn', 'weibo_hot', 'baidu_hot'] 原始71 条 → 去重后 30 条
HotnewsFeed - 2026-08-27 17:10:17,758 - WARNING - [collect] 热榜 baidu 抓取失败，跳过: <urlopen error [SSL: UNEXPECTED_EOF_WHILE_READING] EOF occurred in violation of protocol (_ssl.c:1010)>
HotnewsFeed - 2026-08-27 17:10:17,857 - WARNING - [collect] 热榜 weibo 抓取失败，跳过: <urlopen error [SSL: UNEXPECTED_EOF_WHILE_READING] EOF occurred in violation of protocol (_ssl.c:1010)>
HotnewsFeed - 2026-08-27 17:10:18,856 - INFO - [collect] RSS 源 https://www.chinanews.com.cn/rss/scroll-news.xml 抓到 30 条
HotnewsFeed - 2026-08-27 17:10:20,717 - INFO - [collect] RSS 源 https://www.theguardian.com/sport/rss 抓到 27 条
HotnewsFeed - 2026-08-27 17:10:20,718 - WARNING - [collect] 关键词 ['足球'] 无命中，重试一次采集
HotnewsFeed - 2026-08-27 17:10:21,169 - WARNING - [collect] 热榜 baidu 抓取失败，跳过: <urlopen error [SSL: UNEXPECTED_EOF_WHILE_READING] EOF occurred in violation of protocol (_ssl.c:1010)>
HotnewsFeed - 2026-08-27 17:10:21,237 - WARNING - [collect] 热榜 weibo 抓取失败，跳过: <urlopen error [SSL: UNEXPECTED_EOF_WHILE_READING] EOF occurred in violation of protocol (_ssl.c:1010)>
HotnewsFeed - 2026-08-27 17:10:21,711 - INFO - [collect] RSS 源 https://www.chinanews.com.cn/rss/scroll-news.xml 抓到 30 条
HotnewsFeed - 2026-08-27 17:10:23,816 - INFO - [collect] RSS 源 https://www.theguardian.com/sport/rss 抓到 27 条
HotnewsFeed - 2026-08-27 17:10:25,855 - INFO - [collect] RSS 源 https://www.chinanews.com.cn/rss/scroll-news.xml 抓到 30 条
HotnewsFeed - 2026-08-27 17:10:28,141 - INFO - [collect] RSS 源 https://www.theguardian.com/sport/rss 抓到 27 条
HotnewsFeed - 2026-08-27 17:10:28,141 - WARNING - [collect] 关键词 ['足球'] 仍无命中，放宽为模块 RSS 源全量（57 条）
HotnewsFeed - 2026-08-27 17:10:28,141 - INFO - [collect] 采集完成: 源=['rss', 'hn', 'weibo_hot', 'baidu_hot'] 原始57 条 → 去重后 5 条
HotnewsFeed - 2026-08-27 17:10:32,121 - WARNING - [collect] 热榜 weibo 抓取失败，跳过: <urlopen error [SSL: UNEXPECTED_EOF_WHILE_READING] EOF occurred in violation of protocol (_ssl.c:1010)>
HotnewsFeed - 2026-08-27 17:10:32,157 - WARNING - [collect] 热榜 baidu 抓取失败，跳过: <urlopen error [SSL: UNEXPECTED_EOF_WHILE_READING] EOF occurred in violation of protocol (_ssl.c:1010)>
HotnewsFeed - 2026-08-27 17:10:32,647 - INFO - [collect] RSS 源 https://feeds.bbci.co.uk/news/world/rss.xml 抓到 26 条
HotnewsFeed - 2026-08-27 17:10:35,649 - INFO - [collect] RSS 源 https://www.theguardian.com/world/rss 抓到 45 条
HotnewsFeed - 2026-08-27 17:10:35,650 - WARNING - [collect] 关键词 ['俄乌'] 无命中，重试一次采集
HotnewsFeed - 2026-08-27 17:10:36,396 - INFO - [collect] RSS 源 https://feeds.bbci.co.uk/news/world/rss.xml 抓到 26 条
HotnewsFeed - 2026-08-27 17:10:37,227 - WARNING - [collect] 热榜 weibo 抓取失败，跳过: <urlopen error [SSL: UNEXPECTED_EOF_WHILE_READING] EOF occurred in violation of protocol (_ssl.c:1010)>
HotnewsFeed - 2026-08-27 17:10:37,241 - WARNING - [collect] 热榜 baidu 抓取失败，跳过: <urlopen error [SSL: UNEXPECTED_EOF_WHILE_READING] EOF occurred in violation of protocol (_ssl.c:1010)>
HotnewsFeed - 2026-08-27 17:10:37,885 - INFO - [collect] RSS 源 https://www.theguardian.com/world/rss 抓到 45 条
HotnewsFeed - 2026-08-27 17:10:41,125 - INFO - [collect] RSS 源 https://feeds.bbci.co.uk/news/world/rss.xml 抓到 26 条
HotnewsFeed - 2026-08-27 17:10:42,114 - INFO - [collect] RSS 源 https://www.theguardian.com/world/rss 抓到 45 条
HotnewsFeed - 2026-08-27 17:10:42,115 - WARNING - [collect] 关键词 ['俄乌'] 仍无命中，放宽为模块 RSS 源全量（71 条）
HotnewsFeed - 2026-08-27 17:10:42,116 - INFO - [collect] 采集完成: 源=['rss', 'hn', 'weibo_hot', 'baidu_hot'] 原始71 条 → 去重后 30 条
HotnewsFeed - 2026-08-27 17:10:55,457 - WARNING - [collect] 热榜 weibo 抓取失败，跳过: <urlopen error [SSL: UNEXPECTED_EOF_WHILE_READING] EOF occurred in violation of protocol (_ssl.c:1010)>
HotnewsFeed - 2026-08-27 17:10:55,510 - WARNING - [collect] 热榜 baidu 抓取失败，跳过: <urlopen error [SSL: UNEXPECTED_EOF_WHILE_READING] EOF occurred in violation of protocol (_ssl.c:1010)>
HotnewsFeed - 2026-08-27 17:10:56,046 - INFO - [collect] RSS 源 https://www.chinanews.com.cn/rss/scroll-news.xml 抓到 30 条
HotnewsFeed - 2026-08-27 17:10:57,277 - INFO - [collect] 采集完成: 源=['rss', 'hn', 'weibo_hot', 'baidu_hot'] 原始35 条 → 去重后 5 条
